// Vitest Snapshot v1, https://vitest.dev/guide/snapshot.html

exports[`LoginForm Component > matches snapshot 1`] = `
<DocumentFragment>
  <div
    class="Home"
  >
    <div
      class="container card px-5 auth-form"
    >
      <h1
        class="text-center mb-3"
      >
        Login
      </h1>
      <p
        class="my-2"
      >
        Share & stay updated on unforgettable experiences.
      </p>
      <form
        class="row"
      >
        <div
          class="form-floating mb-3 p-0"
        >
          <input
            class="form-control"
            id="username"
            name="username"
            placeholder="username"
            required=""
            value=""
          />
          <label
            for="username"
          >
            Username
          </label>
        </div>
        <div
          class="form-floating mb-3 p-0"
        >
          <input
            class="form-control"
            id="password"
            name="password"
            placeholder=""
            required=""
            type="password"
            value=""
          />
          <label
            for="password"
          >
            Password
          </label>
        </div>
        <button
          class="btn rounded-pill btn-lg btn-primary"
        >
          Login
        </button>
      </form>
    </div>
  </div>
</DocumentFragment>
`;
