// Vitest Snapshot v1, https://vitest.dev/guide/snapshot.html

exports[`LoginForm Component > matches snapshot 1`] = `
<DocumentFragment>
  <div
    class="Home"
  >
    <div
      class="container card px-5 auth-form"
    >
      <h1
        class="text-center mb-3"
      >
        Signup
      </h1>
      <p
        class="my-2"
      >
        Join now to share & uncover unforgettable experiences.
      </p>
      <form
        class="row"
      >
        <div
          class="form-floating mb-3 p-0"
        >
          <input
            class="form-control"
            id="firstName"
            name="firstName"
            placeholder="firstName"
            required=""
            value=""
          />
          <label
            for="firstName"
          >
            First Name
          </label>
        </div>
        <div
          class="form-floating mb-3 p-0"
        >
          <input
            class="form-control"
            id="lastName"
            name="lastName"
            placeholder="lastName"
            required=""
            value=""
          />
          <label
            for="lastName"
          >
            Last Name
          </label>
        </div>
        <div
          class="form-floating mb-3 p-0"
        >
          <input
            class="form-control"
            id="email"
            name="email"
            placeholder="email"
            required=""
            value=""
          />
          <label
            for="email"
          >
            Email
          </label>
        </div>
        <div
          class="form-floating mb-3 p-0"
        >
          <input
            class="form-control"
            id="username"
            name="username"
            placeholder="username"
            required=""
            value=""
          />
          <label
            for="username"
          >
            Username
          </label>
        </div>
        <div
          class="form-floating mb-3 p-0"
        >
          <input
            class="form-control"
            id="password"
            name="password"
            placeholder="password"
            required=""
            type="password"
            value=""
          />
          <label
            for="password"
          >
            Password
          </label>
        </div>
        <button
          class="btn rounded-pill btn-lg btn-primary"
        >
          Signup
        </button>
      </form>
    </div>
  </div>
</DocumentFragment>
`;

exports[`Signup Form Component > matches snapshot 1`] = `
<DocumentFragment>
  <div
    class="Home"
  >
    <div
      class="container card px-5 auth-form"
    >
      <h1
        class="text-center mb-3"
      >
        Signup
      </h1>
      <p
        class="my-2"
      >
        Join now to share & uncover unforgettable experiences.
      </p>
      <form
        class="row"
      >
        <div
          class="form-floating mb-3 p-0"
        >
          <input
            class="form-control"
            id="firstName"
            name="firstName"
            placeholder="firstName"
            required=""
            value=""
          />
          <label
            for="firstName"
          >
            First Name
          </label>
        </div>
        <div
          class="form-floating mb-3 p-0"
        >
          <input
            class="form-control"
            id="lastName"
            name="lastName"
            placeholder="lastName"
            required=""
            value=""
          />
          <label
            for="lastName"
          >
            Last Name
          </label>
        </div>
        <div
          class="form-floating mb-3 p-0"
        >
          <input
            class="form-control"
            id="email"
            name="email"
            placeholder="email"
            required=""
            value=""
          />
          <label
            for="email"
          >
            Email
          </label>
        </div>
        <div
          class="form-floating mb-3 p-0"
        >
          <input
            class="form-control"
            id="username"
            name="username"
            placeholder="username"
            required=""
            value=""
          />
          <label
            for="username"
          >
            Username
          </label>
        </div>
        <div
          class="form-floating mb-3 p-0"
        >
          <input
            class="form-control"
            id="password"
            name="password"
            placeholder="password"
            required=""
            type="password"
            value=""
          />
          <label
            for="password"
          >
            Password
          </label>
        </div>
        <button
          class="btn rounded-pill btn-lg btn-primary"
        >
          Signup
        </button>
      </form>
    </div>
  </div>
</DocumentFragment>
`;

exports[`SignupForm Component > matches snapshot 1`] = `
<DocumentFragment>
  <div
    class="Home"
  >
    <div
      class="container card px-5 auth-form"
    >
      <h1
        class="text-center mb-3"
      >
        Signup
      </h1>
      <p
        class="my-2"
      >
        Join now to share & uncover unforgettable experiences.
      </p>
      <form
        class="row"
      >
        <div
          class="form-floating mb-3 p-0"
        >
          <input
            class="form-control"
            id="firstName"
            name="firstName"
            placeholder="firstName"
            required=""
            value=""
          />
          <label
            for="firstName"
          >
            First Name
          </label>
        </div>
        <div
          class="form-floating mb-3 p-0"
        >
          <input
            class="form-control"
            id="lastName"
            name="lastName"
            placeholder="lastName"
            required=""
            value=""
          />
          <label
            for="lastName"
          >
            Last Name
          </label>
        </div>
        <div
          class="form-floating mb-3 p-0"
        >
          <input
            class="form-control"
            id="email"
            name="email"
            placeholder="email"
            required=""
            value=""
          />
          <label
            for="email"
          >
            Email
          </label>
        </div>
        <div
          class="form-floating mb-3 p-0"
        >
          <input
            class="form-control"
            id="username"
            name="username"
            placeholder="username"
            required=""
            value=""
          />
          <label
            for="username"
          >
            Username
          </label>
        </div>
        <div
          class="form-floating mb-3 p-0"
        >
          <input
            class="form-control"
            id="password"
            name="password"
            placeholder="password"
            required=""
            type="password"
            value=""
          />
          <label
            for="password"
          >
            Password
          </label>
        </div>
        <button
          class="btn rounded-pill btn-lg btn-primary"
        >
          Signup
        </button>
      </form>
    </div>
  </div>
</DocumentFragment>
`;
