// Vitest Snapshot v1, https://vitest.dev/guide/snapshot.html

exports[`UserProfile Component > matches snapshot 1`] = `
<DocumentFragment>
  <div
    class="container pt-2 mb-5 body-cont"
  >
    <h1
      class="Profile-title"
    >
      @testadmin
    </h1>
    <div
      class="Profile-header"
    >
      <div
        class="Profile-header-group"
      >
        <img
          class="Profile-img"
          src="/src/assets/default_profile.jpg"
        />
        <div
          class="Profile-info"
        >
          <h4
            class="Profile-name"
          >
            testfirst testlast
          </h4>
          <p>
            <i
              class="bi bi-geo-alt-fill"
            />
             testlocation
          </p>
          <p>
            testbio
          </p>
          <small
            class="mt-2"
          >
            <i>
              Joined Sep 2024
            </i>
          </small>
          <a
            class="mt-3 btn btn-sm rounded-pill btn-secondary"
            href="/users/profile/edit"
          >
            Edit Profile
          </a>
        </div>
      </div>
      <a
        class="Profile-add-itin"
        href="/itineraries/new"
      >
        <i
          class="bi bi-plus-circle-fill"
        />
      </a>
    </div>
    <hr
      class="Profile-separator"
    />
    <div>
      <div
        class="Profile-itins-menu"
      >
        <button
          class="itin-menu active-tab"
        >
          <i
            class="bi bi-map-fill"
          />
        </button>
        <button
          class="itin-menu "
        >
          <i
            class="bi bi-bookmark-heart"
          />
        </button>
      </div>
      <div
        class="User-itins m-4"
      >
        <div
          class="mt-2"
        >
          <div
            class="text-center"
          >
            <i>
              Start sharing itineraries!
            </i>
          </div>
        </div>
      </div>
    </div>
  </div>
</DocumentFragment>
`;
